[killerlaunch.com/c/redmountain-asia-limited.html]
[backblue.gif]
[fade.gif]
[index.html]
[killerlaunch.com/assets/Favicon.png]
[killerlaunch.com/assets/application-e3b6f88a406d69359e4bc95702f0187512fab9c702db73ec9c2cf066992fca0b.css]
[cdnjs.cloudflare.com/ajax/libs/jquery.mask/1.14.15/jquery.mask.min.js]
[cdnjs.cloudflare.com/ajax/libs/list.js/1.5.0/list.min.js]
[killerlaunch.com/assets/application-677c9640c261799108562e15b99e78f910627ceae7b5beb8b7e952aa64d579eb.js]
[checkout.razorpay.com/v1/checkout.js]
[cdnjs.cloudflare.com/ajax/libs/croppie/2.4.0/croppie.js]
[cdnjs.cloudflare.com/ajax/libs/croppie/2.4.0/croppie.css]
[cdnjs.cloudflare.com/ajax/libs/cookieconsent2/3.1.0/cookieconsent.min.css]
[cdnjs.cloudflare.com/ajax/libs/cookieconsent2/3.1.0/cookieconsent.min.js]
[killerlaunch.com/assets/loading.gif]
[killerlaunch.com/c/redmountain-asia-limited/about.html]
[killerlaunch.com/c/redmountain-asia-limited/reviews.html]
[killerlaunch.com/c/redmountain-asia-limited/photos.html]
[killerlaunch.com/c/redmountain-asia-limited/jobs.html]
[killerlaunch.com/c/redmountain-asia-limited/internships.html]
[killerlaunch.com/assets/loader-0b64e9643ff285dbd3345ccb8b1af7d83d4153e5b12fe3042d7d7ab5f7d1fe4d.gif]
[killerlaunch.com/c/join-killerlaunch.html]
[killerlaunch.com/cdn-cgi/scripts/5c5dd728/cloudflare-static/email-decode.min.js]
[www.recaptcha.net/recaptcha/api.js]
[killerlaunch.com/c/redmountain-asia-limited.html]
[ajax.cloudflare.com/cdn-cgi/scripts/7089c43e/cloudflare-static/rocket-loader.min.js]
[killerlaunch.com/assets/fontawesome-webfont93e3.eot]
[killerlaunch.com/assets/fontawesome-webfontd41d.eot]
[killerlaunch.com/assets/fontawesome-webfont93e3.woff2]
[killerlaunch.com/assets/fontawesome-webfont93e3.woff]
[killerlaunch.com/assets/fontawesome-webfont93e3.ttf]
[killerlaunch.com/assets/fontawesome-webfont93e3.svg]
[killerlaunch.com/assets/jquery-ui/ui-icons_444444_256x240-31d988765b4e6f56553c29588c500381dc3e6f0aa2980c8212202e5644aefd5d.png]
[killerlaunch.com/assets/jquery-ui/ui-icons_555555_256x240-32175261daee76c82bb0edf0eea16a56421866fbc31e94f3c1d570aa114502f5.png]
[killerlaunch.com/assets/jquery-ui/ui-icons_ffffff_256x240-350df1b7131037de20e83c5c0f3a41a770d2ac48b5762ea772b3f4a8a7b9d47a.png]
[killerlaunch.com/assets/jquery-ui/ui-icons_777620_256x240-0b020fc6e696d88d296e7bb1f61f1eb2ad827848e2c7382a4c3e0999e702dd9b.png]
[killerlaunch.com/assets/jquery-ui/ui-icons_cc0000_256x240-40985a64b4d5dd213fba27fcd862a1bd1b337a97674f6ff0b9ec20abcee4bc69.png]
[killerlaunch.com/assets/jquery-ui/ui-icons_777777_256x240-faf32007ae120c302213557626e660dd10e711c5dd4f1113d35f26dc05b78d2f.png]
[killerlaunch.com/assets/application-e3b6f88a406d69359e4bc95702f0187512fab9c702db73ec9c2cf066992fca0b.css]
[cdnjs.cloudflare.com/ajax/libs/croppie/2.4.0/croppie.css]
[cdnjs.cloudflare.com/ajax/libs/cookieconsent2/3.1.0/cookieconsent.min.css]
[killerlaunch.com/c/redmountain-asia-limited/about.html]
[killerlaunch.com/c/redmountain-asia-limited/reviews.html]
[killerlaunch.com/c/redmountain-asia-limited/photos.html]
[killerlaunch.com/c/redmountain-asia-limited/jobs.html]
[killerlaunch.com/c/redmountain-asia-limited/internships.html]
[killerlaunch.com/c/join-killerlaunch/about.html]
[killerlaunch.com/c/join-killerlaunch/reviews.html]
[killerlaunch.com/c/join-killerlaunch/photos.html]
[killerlaunch.com/c/join-killerlaunch/jobs.html]
[killerlaunch.com/c/join-killerlaunch.html]
[killerlaunch.com/assets/fontawesome-webfont93e3.svg]
[killerlaunch.com/c/join-killerlaunch/internships.html]
[killerlaunch.com/c/join-killerlaunch/about.html]
[killerlaunch.com/c/join-killerlaunch/reviews.html]
[killerlaunch.com/c/join-killerlaunch/photos.html]
[killerlaunch.com/c/join-killerlaunch/jobs.html]
[killerlaunch.com/c/join-killerlaunch/internships.html]
